AR ex4 behavioral C:/Users/Ali/Downloads/digital_clock/digital_clock/DCLOCK.vhd sub00/vhpl03 1700896981
EN dclock NULL C:/Users/Ali/Downloads/digital_clock/digital_clock/DCLOCK.vhd sub00/vhpl00 1700896829
EN ex4 NULL C:/Users/Ali/Downloads/digital_clock/digital_clock/DCLOCK.vhd sub00/vhpl02 1700896980
AR dclock behavioral C:/Users/Ali/Downloads/digital_clock/digital_clock/DCLOCK.vhd sub00/vhpl01 1700896830
